test ok;